// Jest Snapshot v1, https://goo.gl/fbAQLP

exports[`Pruebas en <PrimeraApp /> Debe de mostrar <PrimeraApp /> 1`] = `
<Fragment>
  <h1>
    Hola, soy Goku
     !!!
  </h1>
  <p
    id="paraph"
  >
    Soy un subtitulo
  </p>
</Fragment>
`;
